\BOOKMARK [1][-]{section.1}{Design for SSTF Algorithm}{}
\BOOKMARK [1][-]{section.2}{Questions}{}
\BOOKMARK [2][-]{subsection.2.1}{What do you think the main point of this assignment is?}{section.2}
\BOOKMARK [2][-]{subsection.2.2}{How did you approach the problem?}{section.2}
\BOOKMARK [2][-]{subsection.2.3}{How did you ensure your solution was correct?}{section.2}
\BOOKMARK [2][-]{subsection.2.4}{What did you learn?}{section.2}
\BOOKMARK [2][-]{subsection.2.5}{â€¢}{section.2}
\BOOKMARK [1][-]{section.3}{Version Control Log}{}
\BOOKMARK [1][-]{section.4}{Work Log}{}
